[2026-07-10T16:54:23.707Z] ERROR: Error registering admin: Cannot read properties of undefined (reading 'create')
[2026-07-10T19:34:47.933Z] ERROR: Error registering admin: 
Invalid `prisma.admin.create()` invocation in
/Users/apple/darkweb-threat-intelligence/src/services/authService.js:10:40

   7 registerAdmin: async (data) => {
   8   try {
   9     const hashedPassword = hashPassword(data.password);
→ 10     const admin = await prisma.admin.create(
Can't reach database server at `dpg-d8l6lpurnols73ceahl0-a.ohio-postgres.render.com:5432`

Please make sure your database server is running at `dpg-d8l6lpurnols73ceahl0-a.ohio-postgres.render.com:5432`.
[2026-07-10T19:36:29.225Z] ERROR: Error registering admin: Cannot read properties of undefined (reading 'password')
[2026-07-10T19:39:49.373Z] ERROR: Error registering admin: Name, email, and password are required
[2026-07-10T19:39:51.359Z] ERROR: Error registering admin: Name, email, and password are required
[2026-07-10T19:40:27.990Z] ERROR: Error registering admin: 
Invalid `prisma.admin.create()` invocation in
/Users/apple/darkweb-threat-intelligence/src/services/authService.js:24:40

  21 }
  22 
  23 const hashedPassword = hashPassword(data.password);
→ 24 const admin = await prisma.admin.create(
The table `public.Admin` does not exist in the current database.
[2026-07-10T19:40:42.281Z] ERROR: Error admin login: 
Invalid `prisma.admin.findUnique()` invocation in
/Users/apple/darkweb-threat-intelligence/src/services/authService.js:49:40

  46   throw error;
  47 }
  48 
→ 49 const admin = await prisma.admin.findUnique(
The table `public.Admin` does not exist in the current database.
[2026-07-10T19:42:10.945Z] ERROR: Error admin login: 
Invalid `prisma.admin.findUnique()` invocation in
/Users/apple/darkweb-threat-intelligence/src/services/authService.js:49:40

  46   throw error;
  47 }
  48 
→ 49 const admin = await prisma.admin.findUnique(
The table `public.Admin` does not exist in the current database.
[2026-07-10T19:42:54.046Z] ERROR: Error registering admin: 
Invalid `prisma.admin.create()` invocation in
/Users/apple/darkweb-threat-intelligence/src/services/authService.js:24:40

  21 }
  22 
  23 const hashedPassword = hashPassword(data.password);
→ 24 const admin = await prisma.admin.create(
The table `public.Admin` does not exist in the current database.
